jsbien@JSBbookworm:~/git/djvu2mask/tools$ cd ..
jsbien@JSBbookworm:~/git/djvu2mask$ ./autogen.sh 
autoreconf: export WARNINGS=all
autoreconf: Entering directory '.'
autoreconf: configure.ac: not using Gettext
autoreconf: running: aclocal --force -I config
autoreconf: configure.ac: tracing
autoreconf: running: libtoolize --copy --force
libtoolize: putting auxiliary files in AC_CONFIG_AUX_DIR, 'config'.
libtoolize: copying file 'config/ltmain.sh'
libtoolize: putting macros in AC_CONFIG_MACRO_DIRS, 'config'.
libtoolize: copying file 'config/libtool.m4'
libtoolize: copying file 'config/ltoptions.m4'
libtoolize: copying file 'config/ltsugar.m4'
libtoolize: copying file 'config/ltversion.m4'
libtoolize: copying file 'config/lt~obsolete.m4'
autoreconf: configure.ac: not using Intltool
autoreconf: configure.ac: not using Gtkdoc
autoreconf: running: aclocal --force -I config
autoreconf: running: /usr/bin/autoconf --force
configure.ac:41: warning: The macro `AC_CONFIG_HEADER' is obsolete.
configure.ac:41: You should run autoupdate.
./lib/autoconf/status.m4:719: AC_CONFIG_HEADER is expanded from...
configure.ac:41: the top level
configure.ac:161: warning: The macro `AC_HEADER_TIME' is obsolete.
configure.ac:161: You should run autoupdate.
./lib/autoconf/headers.m4:743: AC_HEADER_TIME is expanded from...
configure.ac:161: the top level
autoreconf: running: /usr/bin/autoheader --force
autoreconf: running: automake --add-missing --copy --force-missing
configure.ac:46: installing 'config/compile'
configure.ac:44: installing 'config/missing'
libdjvu/Makefile.am: installing 'config/depcomp'
tools/Makefile.am:3: warning: variable 'jb2cmp_SOURCES' is defined but no program or
tools/Makefile.am:3: library has 'jb2cmp' as canonical name (possible typo)
autoreconf: Leaving directory '.'
checking build system type... x86_64-pc-linux-gnu
checking host system type... x86_64-pc-linux-gnu
checking for a BSD-compatible install... /usr/bin/install -c
checking whether build environment is sane... yes
checking for a race-free mkdir -p... /usr/bin/mkdir -p
checking for gawk... gawk
checking whether make sets $(MAKE)... yes
checking whether make supports nested variables... yes
checking whether make supports nested variables... (cached) yes
checking whether make supports the include directive... yes (GNU style)
checking for gcc... gcc
checking whether the C compiler works... yes
checking for C compiler default output file name... a.out
checking for suffix of executables... 
checking whether we are cross compiling... no
checking for suffix of object files... o
checking whether the compiler supports GNU C... yes
checking whether gcc accepts -g... yes
checking for gcc option to enable C11 features... none needed
checking whether gcc understands -c and -o together... yes
checking dependency style of gcc... gcc3
checking for ar... ar
checking the archiver (ar) interface... ar
checking how to print strings... printf
checking for a sed that does not truncate output... /usr/bin/sed
checking for grep that handles long lines and -e... /usr/bin/grep
checking for egrep... /usr/bin/grep -E
checking for fgrep... /usr/bin/grep -F
checking for ld used by gcc... /usr/bin/ld
checking if the linker (/usr/bin/ld) is GNU ld... yes
checking for BSD- or MS-compatible name lister (nm)... /usr/bin/nm -B
checking the name lister (/usr/bin/nm -B) interface... BSD nm
checking whether ln -s works... yes
checking the maximum length of command line arguments... 1879296
checking how to convert x86_64-pc-linux-gnu file names to x86_64-pc-linux-gnu format... func_convert_file_noop
checking how to convert x86_64-pc-linux-gnu file names to toolchain format... func_convert_file_noop
checking for /usr/bin/ld option to reload object files... -r
checking for file... file
checking for objdump... objdump
checking how to recognize dependent libraries... pass_all
checking for dlltool... no
checking how to associate runtime and link libraries... printf %s\n
checking for archiver @FILE support... @
checking for strip... strip
checking for ranlib... ranlib
checking command to parse /usr/bin/nm -B output from gcc object... ok
checking for sysroot... no
checking for a working dd... /usr/bin/dd
checking how to truncate binary pipes... /usr/bin/dd bs=4096 count=1
checking for mt... mt
checking if mt is a manifest tool... no
checking for stdio.h... yes
checking for stdlib.h... yes
checking for string.h... yes
checking for inttypes.h... yes
checking for stdint.h... yes
checking for strings.h... yes
checking for sys/stat.h... yes
checking for sys/types.h... yes
checking for unistd.h... yes
checking for dlfcn.h... yes
checking for objdir... .libs
checking if gcc supports -fno-rtti -fno-exceptions... no
checking for gcc option to produce PIC... -fPIC -DPIC
checking if gcc PIC flag -fPIC -DPIC works... yes
checking if gcc static flag -static works... yes
checking if gcc supports -c -o file.o... yes
checking if gcc supports -c -o file.o... (cached) yes
checking whether the gcc linker (/usr/bin/ld -m elf_x86_64) supports shared libraries... yes
checking whether -lc should be explicitly linked in... no
checking dynamic linker characteristics... GNU/Linux ld.so
checking how to hardcode library paths into programs... immediate
checking whether stripping libraries is possible... yes
checking if libtool supports shared libraries... yes
checking whether to build shared libraries... yes
checking whether to build static libraries... no
checking for gcc options needed to detect all undeclared functions... none needed
checking whether _WIN32 is declared... no
checking whether __APPLE__ is declared... no
checking whether make sets $(MAKE)... (cached) yes
checking whether ln -s works... yes
checking for a sed that does not truncate output... (cached) /usr/bin/sed
checking for touch... /usr/bin/touch
checking for rsvg-convert... false
checking for inkscape... /usr/bin/inkscape
checking for convert... /usr/bin/convert
checking for rm... /usr/bin/rm
checking for gcc... (cached) gcc
checking whether the compiler supports GNU C... (cached) yes
checking whether gcc accepts -g... (cached) yes
checking for gcc option to enable C11 features... (cached) none needed
checking whether gcc understands -c and -o together... (cached) yes
checking dependency style of gcc... (cached) gcc3
checking for g++... g++
checking whether the compiler supports GNU C++... yes
checking whether g++ accepts -g... yes
checking for g++ option to enable C++11 features... none needed
checking dependency style of g++... gcc3
checking how to run the C++ preprocessor... g++ -E
checking for ld used by g++... /usr/bin/ld -m elf_x86_64
checking if the linker (/usr/bin/ld -m elf_x86_64) is GNU ld... yes
checking whether the g++ linker (/usr/bin/ld -m elf_x86_64) supports shared libraries... yes
checking for g++ option to produce PIC... -fPIC -DPIC
checking if g++ PIC flag -fPIC -DPIC works... yes
checking if g++ static flag -static works... yes
checking if g++ supports -c -o file.o... yes
checking if g++ supports -c -o file.o... (cached) yes
checking whether the g++ linker (/usr/bin/ld -m elf_x86_64) supports shared libraries... yes
checking dynamic linker characteristics... (cached) GNU/Linux ld.so
checking how to hardcode library paths into programs... immediate
checking if g++ accepts -O3... yes
checking if g++ accepts -O3... yes
checking if g++ accepts -Wall... yes
checking if g++ accepts -Wall... yes
checking whether the compiler recognizes bool as a built-in type... yes
checking whether the compiler supports exceptions... yes
checking whether the compiler recognizes typename... yes
checking whether the compiler comes with standard includes... yes
checking whether the compiler implements namespaces... yes
checking whether the compiler supports member templates... yes
checking whether the compiler supports intel atomic builtins... yes
checking whether the compiler supports keyword __thread... yes
checking for sqrt in -lm... yes
checking for dirent.h that defines DIR... yes
checking for library containing opendir... none required
checking for sys/time.h... yes
checking for sys/param.h... yes
checking for vfork.h... no
checking for sys/wait.h that is POSIX.1 compatible... yes
checking for wchar.h... yes
checking for wctype.h... yes
checking for sys/mman.h... yes
checking for iconv.h... yes
checking for getopt.h... yes
checking for langinfo.h... yes
checking for sched.h... yes
checking for new.h... no
checking for stdint.h... (cached) yes
checking for inttypes.h... (cached) yes
checking for sys/ipc.h... yes
checking for sys/shm.h... yes
checking for cpuid.h... yes
checking for int16_t... yes
checking for int32_t... yes
checking for uint16_t... yes
checking for uint32_t... yes
checking for wchar_t... yes
checking for long long int... yes
checking for mbstate_t... yes
checking for special C compiler options needed for large files... no
checking for _FILE_OFFSET_BITS value needed for large files... no
checking for getpagesize... yes
checking for fork... yes
checking for vfork... yes
checking for working mmap... yes
checking for pid_t... yes
checking for working fork... yes
checking for working vfork... (cached) yes
checking for _LARGEFILE_SOURCE value needed for large files... no
checking for wcrtomb... yes
checking for iswspace... yes
checking for setenv... yes
checking for nl_langinfo... yes
checking for putc_unlocked... yes
checking for strerror... yes
checking for vsnprintf... yes
checking for gethostname... yes
checking for strftime... yes
checking for getpwuid... yes
checking for sigaction... yes
checking for mkstemp... yes
checking for sched_yield... yes
checking for iconv... yes
checking for pthread.h... yes
checking whether pthreads work with -pthread -lpthread... yes
checking if more special flags are required for pthreads... no
checking for jpeg library... yes
checking for libjpeg... yes
checking for the libtiff library... yes
checking for libtiff... yes
checking that generated files are newer than configure... done
configure: creating ./config.status
config.status: creating Makefile
config.status: creating libdjvu/Makefile
config.status: creating tools/Makefile
config.status: creating xmltools/Makefile
config.status: creating share/Makefile
config.status: creating desktopfiles/Makefile
config.status: creating config.h
config.status: config.h is unchanged
config.status: executing depfiles commands
config.status: executing libtool commands

djvulibre 3.5.28

Configuration Options Summary:

  OS.................: linux-gnu
  Win32 support......: no
  Pthread support....: yes
  Iconv support......: yes
  JPEG support.......: yes
  TIFF support.......: yes
  XML tools..........: no
  Desktop files......: no
  Icon generation....: inkscape

Compilation..........: make (or gmake)
  CPPFLAGS...........: 
  CFLAGS.............:  -g -O3 -Wall -DNDEBUG
  CXXFLAGS...........:  -g -O3 -Wall -DNDEBUG
  LDFLAGS............: 

Installation...........: make install (as root if needed, with 'su' or 'sudo')
  prefix...............: /usr/local

jsbien@JSBbookworm:~/git/djvu2mask$ make
make  all-recursive
make[1]: Entering directory '/home/jsbien/git/djvu2mask'
Making all in libdjvu
make[2]: Entering directory '/home/jsbien/git/djvu2mask/libdjvu'
  CXX      libdjvulibre_la-Arrays.lo
  CXX      libdjvulibre_la-BSByteStream.lo
  CXX      libdjvulibre_la-BSEncodeByteStream.lo
  CXX      libdjvulibre_la-ByteStream.lo
  CXX      libdjvulibre_la-DataPool.lo
  CXX      libdjvulibre_la-DjVmDir.lo
  CXX      libdjvulibre_la-DjVmDir0.lo
  CXX      libdjvulibre_la-DjVmDoc.lo
  CXX      libdjvulibre_la-DjVmNav.lo
  CXX      libdjvulibre_la-DjVuAnno.lo
  CXX      libdjvulibre_la-DjVuDocEditor.lo
  CXX      libdjvulibre_la-DjVuDocument.lo
  CXX      libdjvulibre_la-DjVuDumpHelper.lo
  CXX      libdjvulibre_la-DjVuErrorList.lo
  CXX      libdjvulibre_la-DjVuFile.lo
  CXX      libdjvulibre_la-DjVuFileCache.lo
  CXX      libdjvulibre_la-DjVuGlobal.lo
  CXX      libdjvulibre_la-DjVuGlobalMemory.lo
  CXX      libdjvulibre_la-DjVuImage.lo
In file included from GScaler.h:70,
                 from DjVuImage.cpp:64:
GBitmap.h: In static member function 'static int DJVU::GBitmap::read_run(unsigned char*&)':
GBitmap.h:623:16: warning: ISO C++17 does not allow 'register' storage class specifier [-Wregister]
  623 |   register int z=*data++;
      |                ^
GBitmap.h: In static member function 'static int DJVU::GBitmap::read_run(const unsigned char*&)':
GBitmap.h:631:16: warning: ISO C++17 does not allow 'register' storage class specifier [-Wregister]
  631 |   register int z=*data++;
      |                ^
  CXX      libdjvulibre_la-DjVuInfo.lo
  CXX      libdjvulibre_la-DjVuMessage.lo
  CXX      libdjvulibre_la-DjVuMessageLite.lo
  CXX      libdjvulibre_la-DjVuNavDir.lo
  CXX      libdjvulibre_la-DjVuPalette.lo
  CXX      libdjvulibre_la-DjVuPort.lo
  CXX      libdjvulibre_la-DjVuText.lo
  CXX      libdjvulibre_la-DjVuToPS.lo
In file included from DjVuToPS.cpp:71:
GBitmap.h: In static member function 'static int DJVU::GBitmap::read_run(unsigned char*&)':
GBitmap.h:623:16: warning: ISO C++17 does not allow 'register' storage class specifier [-Wregister]
  623 |   register int z=*data++;
      |                ^
GBitmap.h: In static member function 'static int DJVU::GBitmap::read_run(const unsigned char*&)':
GBitmap.h:631:16: warning: ISO C++17 does not allow 'register' storage class specifier [-Wregister]
  631 |   register int z=*data++;
      |                ^
  CXX      libdjvulibre_la-GBitmap.lo
In file included from GBitmap.cpp:63:
GBitmap.h: In static member function 'static int DJVU::GBitmap::read_run(unsigned char*&)':
GBitmap.h:623:16: warning: ISO C++17 does not allow 'register' storage class specifier [-Wregister]
  623 |   register int z=*data++;
      |                ^
GBitmap.h: In static member function 'static int DJVU::GBitmap::read_run(const unsigned char*&)':
GBitmap.h:631:16: warning: ISO C++17 does not allow 'register' storage class specifier [-Wregister]
  631 |   register int z=*data++;
      |                ^
GBitmap.cpp: In constructor 'DJVU::GBitmap::GBitmap()':
GBitmap.cpp:101:55: warning: member 'DJVU::GBitmap::bytes_data' is used uninitialized [-Wuninitialized]
  101 |     bytes_per_row(0), grays(0), bytes(0), gbytes_data(bytes_data),
      |                                                       ^~~~~~~~~~
GBitmap.cpp:102:10: warning: member 'DJVU::GBitmap::rle' is used uninitialized [-Wuninitialized]
  102 |     grle(rle), grlerows(rlerows), rlelength(0),
      |          ^~~
GBitmap.cpp:102:25: warning: member 'DJVU::GBitmap::rlerows' is used uninitialized [-Wuninitialized]
  102 |     grle(rle), grlerows(rlerows), rlelength(0),
      |                         ^~~~~~~
GBitmap.cpp: In constructor 'DJVU::GBitmap::GBitmap(int, int, int)':
GBitmap.cpp:109:55: warning: member 'DJVU::GBitmap::bytes_data' is used uninitialized [-Wuninitialized]
  109 |     bytes_per_row(0), grays(0), bytes(0), gbytes_data(bytes_data),
      |                                                       ^~~~~~~~~~
GBitmap.cpp:110:10: warning: member 'DJVU::GBitmap::rle' is used uninitialized [-Wuninitialized]
  110 |     grle(rle), grlerows(rlerows), rlelength(0),
      |          ^~~
GBitmap.cpp:110:25: warning: member 'DJVU::GBitmap::rlerows' is used uninitialized [-Wuninitialized]
  110 |     grle(rle), grlerows(rlerows), rlelength(0),
      |                         ^~~~~~~
GBitmap.cpp: In constructor 'DJVU::GBitmap::GBitmap(DJVU::ByteStream&, int)':
GBitmap.cpp:127:55: warning: member 'DJVU::GBitmap::bytes_data' is used uninitialized [-Wuninitialized]
  127 |     bytes_per_row(0), grays(0), bytes(0), gbytes_data(bytes_data),
      |                                                       ^~~~~~~~~~
GBitmap.cpp:128:10: warning: member 'DJVU::GBitmap::rle' is used uninitialized [-Wuninitialized]
  128 |     grle(rle), grlerows(rlerows), rlelength(0),
      |          ^~~
GBitmap.cpp:128:25: warning: member 'DJVU::GBitmap::rlerows' is used uninitialized [-Wuninitialized]
  128 |     grle(rle), grlerows(rlerows), rlelength(0),
      |                         ^~~~~~~
GBitmap.cpp: In copy constructor 'DJVU::GBitmap::GBitmap(const DJVU::GBitmap&)':
GBitmap.cpp:145:55: warning: member 'DJVU::GBitmap::bytes_data' is used uninitialized [-Wuninitialized]
  145 |     bytes_per_row(0), grays(0), bytes(0), gbytes_data(bytes_data),
      |                                                       ^~~~~~~~~~
GBitmap.cpp:146:10: warning: member 'DJVU::GBitmap::rle' is used uninitialized [-Wuninitialized]
  146 |     grle(rle), grlerows(rlerows), rlelength(0),
      |          ^~~
GBitmap.cpp:146:25: warning: member 'DJVU::GBitmap::rlerows' is used uninitialized [-Wuninitialized]
  146 |     grle(rle), grlerows(rlerows), rlelength(0),
      |                         ^~~~~~~
GBitmap.cpp: In constructor 'DJVU::GBitmap::GBitmap(const DJVU::GBitmap&, int)':
GBitmap.cpp:163:55: warning: member 'DJVU::GBitmap::bytes_data' is used uninitialized [-Wuninitialized]
  163 |     bytes_per_row(0), grays(0), bytes(0), gbytes_data(bytes_data),
      |                                                       ^~~~~~~~~~
GBitmap.cpp:164:10: warning: member 'DJVU::GBitmap::rle' is used uninitialized [-Wuninitialized]
  164 |     grle(rle), grlerows(rlerows), rlelength(0),
      |          ^~~
GBitmap.cpp:164:25: warning: member 'DJVU::GBitmap::rlerows' is used uninitialized [-Wuninitialized]
  164 |     grle(rle), grlerows(rlerows), rlelength(0),
      |                         ^~~~~~~
GBitmap.cpp: In constructor 'DJVU::GBitmap::GBitmap(const DJVU::GBitmap&, const DJVU::GRect&, int)':
GBitmap.cpp:182:55: warning: member 'DJVU::GBitmap::bytes_data' is used uninitialized [-Wuninitialized]
  182 |     bytes_per_row(0), grays(0), bytes(0), gbytes_data(bytes_data),
      |                                                       ^~~~~~~~~~
GBitmap.cpp:183:10: warning: member 'DJVU::GBitmap::rle' is used uninitialized [-Wuninitialized]
  183 |     grle(rle), grlerows(rlerows), rlelength(0),
      |          ^~~
GBitmap.cpp:183:25: warning: member 'DJVU::GBitmap::rlerows' is used uninitialized [-Wuninitialized]
  183 |     grle(rle), grlerows(rlerows), rlelength(0),
      |                         ^~~~~~~
  CXX      libdjvulibre_la-GContainer.lo
GContainer.cpp: In constructor 'DJVU::GSetBase::GSetBase(const DJVU::GCont::Traits&)':
GContainer.cpp:640:12: warning: member 'DJVU::GSetBase::table' is used uninitialized [-Wuninitialized]
  640 |     gtable(table), first(0)
      |            ^~~~~
GContainer.cpp: In copy constructor 'DJVU::GSetBase::GSetBase(const DJVU::GSetBase&)':
GContainer.cpp:648:36: warning: member 'DJVU::GSetBase::table' is used uninitialized [-Wuninitialized]
  648 |     nelems(0), nbuckets(0), gtable(table), first(0)
      |                                    ^~~~~
  CXX      libdjvulibre_la-GException.lo
  CXX      libdjvulibre_la-GIFFManager.lo
  CXX      libdjvulibre_la-GMapAreas.lo
  CXX      libdjvulibre_la-GOS.lo
  CXX      libdjvulibre_la-GPixmap.lo
In file included from GPixmap.cpp:74:
GBitmap.h: In static member function 'static int DJVU::GBitmap::read_run(unsigned char*&)':
GBitmap.h:623:16: warning: ISO C++17 does not allow 'register' storage class specifier [-Wregister]
  623 |   register int z=*data++;
      |                ^
GBitmap.h: In static member function 'static int DJVU::GBitmap::read_run(const unsigned char*&)':
GBitmap.h:631:16: warning: ISO C++17 does not allow 'register' storage class specifier [-Wregister]
  631 |   register int z=*data++;
      |                ^
  CXX      libdjvulibre_la-GRect.lo
  CXX      libdjvulibre_la-GScaler.lo
In file included from GScaler.h:70,
                 from GScaler.cpp:67:
GBitmap.h: In static member function 'static int DJVU::GBitmap::read_run(unsigned char*&)':
GBitmap.h:623:16: warning: ISO C++17 does not allow 'register' storage class specifier [-Wregister]
  623 |   register int z=*data++;
      |                ^
GBitmap.h: In static member function 'static int DJVU::GBitmap::read_run(const unsigned char*&)':
GBitmap.h:631:16: warning: ISO C++17 does not allow 'register' storage class specifier [-Wregister]
  631 |   register int z=*data++;
      |                ^
  CXX      libdjvulibre_la-GSmartPointer.lo
  CXX      libdjvulibre_la-GString.lo
  CXX      libdjvulibre_la-GThreads.lo
  CXX      libdjvulibre_la-GURL.lo
  CXX      libdjvulibre_la-GUnicode.lo
  CXX      libdjvulibre_la-IFFByteStream.lo
  CXX      libdjvulibre_la-IW44EncodeCodec.lo
In file included from IW44EncodeCodec.cpp:74:
GBitmap.h: In static member function 'static int DJVU::GBitmap::read_run(unsigned char*&)':
GBitmap.h:623:16: warning: ISO C++17 does not allow 'register' storage class specifier [-Wregister]
  623 |   register int z=*data++;
      |                ^
GBitmap.h: In static member function 'static int DJVU::GBitmap::read_run(const unsigned char*&)':
GBitmap.h:631:16: warning: ISO C++17 does not allow 'register' storage class specifier [-Wregister]
  631 |   register int z=*data++;
      |                ^
  CXX      libdjvulibre_la-IW44Image.lo
In file included from IW44Image.cpp:74:
GBitmap.h: In static member function 'static int DJVU::GBitmap::read_run(unsigned char*&)':
GBitmap.h:623:16: warning: ISO C++17 does not allow 'register' storage class specifier [-Wregister]
  623 |   register int z=*data++;
      |                ^
GBitmap.h: In static member function 'static int DJVU::GBitmap::read_run(const unsigned char*&)':
GBitmap.h:631:16: warning: ISO C++17 does not allow 'register' storage class specifier [-Wregister]
  631 |   register int z=*data++;
      |                ^
  CXX      libdjvulibre_la-JB2EncodeCodec.lo
In file included from JB2EncodeCodec.cpp:70:
GBitmap.h: In static member function 'static int DJVU::GBitmap::read_run(unsigned char*&)':
GBitmap.h:623:16: warning: ISO C++17 does not allow 'register' storage class specifier [-Wregister]
  623 |   register int z=*data++;
      |                ^
GBitmap.h: In static member function 'static int DJVU::GBitmap::read_run(const unsigned char*&)':
GBitmap.h:631:16: warning: ISO C++17 does not allow 'register' storage class specifier [-Wregister]
  631 |   register int z=*data++;
      |                ^
  CXX      libdjvulibre_la-JB2Image.lo
In file included from JB2Image.cpp:70:
GBitmap.h: In static member function 'static int DJVU::GBitmap::read_run(unsigned char*&)':
GBitmap.h:623:16: warning: ISO C++17 does not allow 'register' storage class specifier [-Wregister]
  623 |   register int z=*data++;
      |                ^
GBitmap.h: In static member function 'static int DJVU::GBitmap::read_run(const unsigned char*&)':
GBitmap.h:631:16: warning: ISO C++17 does not allow 'register' storage class specifier [-Wregister]
  631 |   register int z=*data++;
      |                ^
  CXX      libdjvulibre_la-JPEGDecoder.lo
  CXX      libdjvulibre_la-MMRDecoder.lo
In file included from MMRDecoder.cpp:66:
GBitmap.h: In static member function 'static int DJVU::GBitmap::read_run(unsigned char*&)':
GBitmap.h:623:16: warning: ISO C++17 does not allow 'register' storage class specifier [-Wregister]
  623 |   register int z=*data++;
      |                ^
GBitmap.h: In static member function 'static int DJVU::GBitmap::read_run(const unsigned char*&)':
GBitmap.h:631:16: warning: ISO C++17 does not allow 'register' storage class specifier [-Wregister]
  631 |   register int z=*data++;
      |                ^
  CXX      libdjvulibre_la-MMX.lo
  CXX      libdjvulibre_la-UnicodeByteStream.lo
  CXX      libdjvulibre_la-XMLParser.lo
  CXX      libdjvulibre_la-XMLTags.lo
  CXX      libdjvulibre_la-ZPCodec.lo
  CXX      libdjvulibre_la-atomic.lo
  CXX      libdjvulibre_la-ddjvuapi.lo
In file included from ddjvuapi.cpp:97:
GBitmap.h: In static member function 'static int DJVU::GBitmap::read_run(unsigned char*&)':
GBitmap.h:623:16: warning: ISO C++17 does not allow 'register' storage class specifier [-Wregister]
  623 |   register int z=*data++;
      |                ^
GBitmap.h: In static member function 'static int DJVU::GBitmap::read_run(const unsigned char*&)':
GBitmap.h:631:16: warning: ISO C++17 does not allow 'register' storage class specifier [-Wregister]
  631 |   register int z=*data++;
      |                ^
  CXX      libdjvulibre_la-debug.lo
  CXX      libdjvulibre_la-miniexp.lo
  CXXLD    libdjvulibre.la
  PC       ddjvuapi.pc
make[2]: Leaving directory '/home/jsbien/git/djvu2mask/libdjvu'
Making all in tools
make[2]: Entering directory '/home/jsbien/git/djvu2mask/tools'
  CXX      ddjvu-ddjvu.o
ddjvu.cpp: In function ‘void render(ddjvu_page_t*, int)’:
ddjvu.cpp:483:49: warning: ‘uint32’ is deprecated [-Wdeprecated-declarations]
  483 |         TIFFSetField(tiff, TIFFTAG_IMAGEWIDTH, (uint32)rrect.w);
      |                                                 ^~~~~~
In file included from tiff2pdf.h:27,
                 from ddjvu.cpp:87:
/usr/include/x86_64-linux-gnu/tiff.h:86:38: note: declared here
   86 | typedef TIFF_MSC_DEPRECATED uint32_t uint32 TIFF_GCC_DEPRECATED;
      |                                      ^~~~~~
ddjvu.cpp:484:50: warning: ‘uint32’ is deprecated [-Wdeprecated-declarations]
  484 |         TIFFSetField(tiff, TIFFTAG_IMAGELENGTH, (uint32)rrect.h);
      |                                                  ^~~~~~
/usr/include/x86_64-linux-gnu/tiff.h:86:38: note: declared here
   86 | typedef TIFF_MSC_DEPRECATED uint32_t uint32 TIFF_GCC_DEPRECATED;
      |                                      ^~~~~~
ddjvu.cpp:500:57: warning: ‘uint32’ is deprecated [-Wdeprecated-declarations]
  500 |               TIFFSetField(tiff, TIFFTAG_ROWSPERSTRIP, (uint32)64);
      |                                                         ^~~~~~
/usr/include/x86_64-linux-gnu/tiff.h:86:38: note: declared here
   86 | typedef TIFF_MSC_DEPRECATED uint32_t uint32 TIFF_GCC_DEPRECATED;
      |                                      ^~~~~~
ddjvu.cpp:502:54: warning: ‘uint16’ is deprecated [-Wdeprecated-declarations]
  502 |           TIFFSetField(tiff, TIFFTAG_BITSPERSAMPLE, (uint16)1);
      |                                                      ^~~~~~
/usr/include/x86_64-linux-gnu/tiff.h:83:38: note: declared here
   83 | typedef TIFF_MSC_DEPRECATED uint16_t uint16 TIFF_GCC_DEPRECATED;
      |                                      ^~~~~~
ddjvu.cpp:503:56: warning: ‘uint16’ is deprecated [-Wdeprecated-declarations]
  503 |           TIFFSetField(tiff, TIFFTAG_SAMPLESPERPIXEL, (uint16)1);
      |                                                        ^~~~~~
/usr/include/x86_64-linux-gnu/tiff.h:83:38: note: declared here
   83 | typedef TIFF_MSC_DEPRECATED uint16_t uint16 TIFF_GCC_DEPRECATED;
      |                                      ^~~~~~
ddjvu.cpp:508:54: warning: ‘uint16’ is deprecated [-Wdeprecated-declarations]
  508 |           TIFFSetField(tiff, TIFFTAG_BITSPERSAMPLE, (uint16)8);
      |                                                      ^~~~~~
/usr/include/x86_64-linux-gnu/tiff.h:83:38: note: declared here
   83 | typedef TIFF_MSC_DEPRECATED uint16_t uint16 TIFF_GCC_DEPRECATED;
      |                                      ^~~~~~
ddjvu.cpp:510:58: warning: ‘uint16’ is deprecated [-Wdeprecated-declarations]
  510 |             TIFFSetField(tiff, TIFFTAG_SAMPLESPERPIXEL, (uint16)1);
      |                                                          ^~~~~~
/usr/include/x86_64-linux-gnu/tiff.h:83:38: note: declared here
   83 | typedef TIFF_MSC_DEPRECATED uint16_t uint16 TIFF_GCC_DEPRECATED;
      |                                      ^~~~~~
ddjvu.cpp:514:58: warning: ‘uint16’ is deprecated [-Wdeprecated-declarations]
  514 |             TIFFSetField(tiff, TIFFTAG_SAMPLESPERPIXEL, (uint16)3);
      |                                                          ^~~~~~
/usr/include/x86_64-linux-gnu/tiff.h:83:38: note: declared here
   83 | typedef TIFF_MSC_DEPRECATED uint16_t uint16 TIFF_GCC_DEPRECATED;
      |                                      ^~~~~~
  CC       ddjvu-tiff2pdf.o
tiff2pdf.c:298:9: warning: ‘uint32’ is deprecated [-Wdeprecated-declarations]
  298 |         uint32 page_number;
      |         ^~~~~~
tiff2pdf.c:300:9: warning: ‘uint32’ is deprecated [-Wdeprecated-declarations]
  300 |         uint32 page_extra;
      |         ^~~~~~
tiff2pdf.c:320:9: warning: ‘uint32’ is deprecated [-Wdeprecated-declarations]
  320 |         uint32 tiles_tilewidth;
      |         ^~~~~~
tiff2pdf.c:321:9: warning: ‘uint32’ is deprecated [-Wdeprecated-declarations]
  321 |         uint32 tiles_tilelength;
      |         ^~~~~~
tiff2pdf.c:322:9: warning: ‘uint32’ is deprecated [-Wdeprecated-declarations]
  322 |         uint32 tiles_tilecountx;
      |         ^~~~~~
tiff2pdf.c:323:9: warning: ‘uint32’ is deprecated [-Wdeprecated-declarations]
  323 |         uint32 tiles_tilecounty;
      |         ^~~~~~
tiff2pdf.c:324:9: warning: ‘uint32’ is deprecated [-Wdeprecated-declarations]
  324 |         uint32 tiles_edgetilewidth;
      |         ^~~~~~
tiff2pdf.c:325:9: warning: ‘uint32’ is deprecated [-Wdeprecated-declarations]
  325 |         uint32 tiles_edgetilelength;
      |         ^~~~~~
tiff2pdf.c:335:9: warning: ‘uint16’ is deprecated [-Wdeprecated-declarations]
  335 |         uint16 tiff_compression;
      |         ^~~~~~
tiff2pdf.c:336:9: warning: ‘uint16’ is deprecated [-Wdeprecated-declarations]
  336 |         uint16 tiff_photometric;
      |         ^~~~~~
tiff2pdf.c:337:9: warning: ‘uint16’ is deprecated [-Wdeprecated-declarations]
  337 |         uint16 tiff_fillorder;
      |         ^~~~~~
tiff2pdf.c:338:9: warning: ‘uint16’ is deprecated [-Wdeprecated-declarations]
  338 |         uint16 tiff_bitspersample;
      |         ^~~~~~
tiff2pdf.c:339:9: warning: ‘uint16’ is deprecated [-Wdeprecated-declarations]
  339 |         uint16 tiff_samplesperpixel;
      |         ^~~~~~
tiff2pdf.c:340:9: warning: ‘uint16’ is deprecated [-Wdeprecated-declarations]
  340 |         uint16 tiff_planar;
      |         ^~~~~~
tiff2pdf.c:341:9: warning: ‘uint32’ is deprecated [-Wdeprecated-declarations]
  341 |         uint32 tiff_width;
      |         ^~~~~~
tiff2pdf.c:342:9: warning: ‘uint32’ is deprecated [-Wdeprecated-declarations]
  342 |         uint32 tiff_length;
      |         ^~~~~~
tiff2pdf.c:345:9: warning: ‘uint16’ is deprecated [-Wdeprecated-declarations]
  345 |         uint16 tiff_orientation;
      |         ^~~~~~
tiff2pdf.c:348:9: warning: ‘uint16’ is deprecated [-Wdeprecated-declarations]
  348 |         uint16 tiff_resunit;
      |         ^~~~~~
tiff2pdf.c:349:9: warning: ‘uint16’ is deprecated [-Wdeprecated-declarations]
  349 |         uint16 pdf_centimeters;
      |         ^~~~~~
tiff2pdf.c:350:9: warning: ‘uint16’ is deprecated [-Wdeprecated-declarations]
  350 |         uint16 pdf_overrideres;
      |         ^~~~~~
tiff2pdf.c:351:9: warning: ‘uint16’ is deprecated [-Wdeprecated-declarations]
  351 |         uint16 pdf_overridepagesize;
      |         ^~~~~~
tiff2pdf.c:365:9: warning: ‘uint16’ is deprecated [-Wdeprecated-declarations]
  365 |         uint16 pdf_majorversion;
      |         ^~~~~~
tiff2pdf.c:366:9: warning: ‘uint16’ is deprecated [-Wdeprecated-declarations]
  366 |         uint16 pdf_minorversion;
      |         ^~~~~~
tiff2pdf.c:367:9: warning: ‘uint32’ is deprecated [-Wdeprecated-declarations]
  367 |         uint32 pdf_catalog;
      |         ^~~~~~
tiff2pdf.c:368:9: warning: ‘uint32’ is deprecated [-Wdeprecated-declarations]
  368 |         uint32 pdf_pages;
      |         ^~~~~~
tiff2pdf.c:369:9: warning: ‘uint32’ is deprecated [-Wdeprecated-declarations]
  369 |         uint32 pdf_info;
      |         ^~~~~~
tiff2pdf.c:370:9: warning: ‘uint32’ is deprecated [-Wdeprecated-declarations]
  370 |         uint32 pdf_palettecs;
      |         ^~~~~~
tiff2pdf.c:371:9: warning: ‘uint16’ is deprecated [-Wdeprecated-declarations]
  371 |         uint16 pdf_fitwindow;
      |         ^~~~~~
tiff2pdf.c:372:9: warning: ‘uint32’ is deprecated [-Wdeprecated-declarations]
  372 |         uint32 pdf_startxref;
      |         ^~~~~~
tiff2pdf.c:388:9: warning: ‘uint16’ is deprecated [-Wdeprecated-declarations]
  388 |         uint16 pdf_colorspace_invert;
      |         ^~~~~~
tiff2pdf.c:389:9: warning: ‘uint16’ is deprecated [-Wdeprecated-declarations]
  389 |         uint16 pdf_switchdecode;
      |         ^~~~~~
tiff2pdf.c:390:9: warning: ‘uint16’ is deprecated [-Wdeprecated-declarations]
  390 |         uint16 pdf_palettesize;
      |         ^~~~~~
tiff2pdf.c:394:9: warning: ‘uint16’ is deprecated [-Wdeprecated-declarations]
  394 |         uint16 pdf_defaultcompressionquality;
      |         ^~~~~~
tiff2pdf.c:396:9: warning: ‘uint16’ is deprecated [-Wdeprecated-declarations]
  396 |         uint16 pdf_compressionquality;
      |         ^~~~~~
tiff2pdf.c:397:9: warning: ‘uint16’ is deprecated [-Wdeprecated-declarations]
  397 |         uint16 pdf_nopassthrough;
      |         ^~~~~~
tiff2pdf.c:400:9: warning: ‘uint32’ is deprecated [-Wdeprecated-declarations]
  400 |         uint32* pdf_xrefoffsets;
      |         ^~~~~~
tiff2pdf.c:401:9: warning: ‘uint32’ is deprecated [-Wdeprecated-declarations]
  401 |         uint32 pdf_xrefcount;
      |         ^~~~~~
tiff2pdf.c:405:9: warning: ‘uint32’ is deprecated [-Wdeprecated-declarations]
  405 |         uint32 pdf_ojpegdatalength;
      |         ^~~~~~
tiff2pdf.c:406:9: warning: ‘uint32’ is deprecated [-Wdeprecated-declarations]
  406 |         uint32 pdf_ojpegiflength;
      |         ^~~~~~
tiff2pdf.c:414:9: warning: ‘uint16’ is deprecated [-Wdeprecated-declarations]
  414 |         uint16 tiff_transferfunctioncount;
      |         ^~~~~~
tiff2pdf.c:415:9: warning: ‘uint32’ is deprecated [-Wdeprecated-declarations]
  415 |         uint32 pdf_icccs;
      |         ^~~~~~
tiff2pdf.c:416:9: warning: ‘uint32’ is deprecated [-Wdeprecated-declarations]
  416 |         uint32 tiff_iccprofilelength;
      |         ^~~~~~
tiff2pdf.c:477:1: warning: ‘uint32’ is deprecated [-Wdeprecated-declarations]
  477 | int t2p_process_jpeg_strip(unsigned char*, tsize_t*, unsigned char*, tsize_t, tsize_t*, tstrip_t, uint32);
      | ^~~
tiff2pdf.c:480:1: warning: ‘uint32’ is deprecated [-Wdeprecated-declarations]
  480 | void t2p_tile_collapse_left(tdata_t, tsize_t, uint32, uint32, uint32);
      | ^~~~
tiff2pdf.c:480:1: warning: ‘uint32’ is deprecated [-Wdeprecated-declarations]
tiff2pdf.c:480:1: warning: ‘uint32’ is deprecated [-Wdeprecated-declarations]
tiff2pdf.c:488:1: warning: ‘uint32’ is deprecated [-Wdeprecated-declarations]
  488 | tsize_t t2p_sample_abgr_to_rgb(tdata_t, uint32);
      | ^~~~~~~
tiff2pdf.c:490:1: warning: ‘uint32’ is deprecated [-Wdeprecated-declarations]
  490 | tsize_t t2p_sample_rgba_to_rgb(tdata_t, uint32);
      | ^~~~~~~
tiff2pdf.c:492:1: warning: ‘uint32’ is deprecated [-Wdeprecated-declarations]
  492 | tsize_t t2p_sample_rgbaa_to_rgb(tdata_t, uint32);
      | ^~~~~~~
tiff2pdf.c:494:1: warning: ‘uint32’ is deprecated [-Wdeprecated-declarations]
  494 | tsize_t t2p_sample_lab_signed_to_unsigned(tdata_t, uint32);
      | ^~~~~~~
tiff2pdf.c:498:1: warning: ‘uint32’ is deprecated [-Wdeprecated-declarations]
  498 | tsize_t t2p_write_pdf_obj_start(uint32, TIFF*);
      | ^~~~~~~
tiff2pdf.c:512:1: warning: ‘uint32’ is deprecated [-Wdeprecated-declarations]
  512 | tsize_t t2p_write_pdf_stream_dict(tsize_t, uint32, TIFF*);
      | ^~~~~~~
tiff2pdf.c:530:1: warning: ‘uint32’ is deprecated [-Wdeprecated-declarations]
  530 | tsize_t t2p_write_pdf_page(uint32, T2P*, TIFF*);
      | ^~~~~~~
tiff2pdf.c:534:1: warning: ‘uint16’ is deprecated [-Wdeprecated-declarations]
  534 | void t2p_compose_pdf_page_orient(T2P_BOX*, uint16);
      | ^~~~
tiff2pdf.c:536:1: warning: ‘uint16’ is deprecated [-Wdeprecated-declarations]
  536 | void t2p_compose_pdf_page_orient_flip(T2P_BOX*, uint16);
      | ^~~~
tiff2pdf.c:546:1: warning: ‘uint16’ is deprecated [-Wdeprecated-declarations]
  546 | tsize_t t2p_write_pdf_transfer_dict(T2P*, TIFF*, uint16);
      | ^~~~~~~
tiff2pdf.c:548:1: warning: ‘uint16’ is deprecated [-Wdeprecated-declarations]
  548 | tsize_t t2p_write_pdf_transfer_stream(T2P*, TIFF*, uint16);
      | ^~~~~~~
tiff2pdf.c: In function ‘t2p_validate’:
tiff2pdf.c:1166:17: warning: ‘uint16’ is deprecated [-Wdeprecated-declarations]
 1166 |                 uint16 m=t2p->pdf_defaultcompressionquality%100;
      |                 ^~~~~~
tiff2pdf.c: In function ‘t2p_read_tiff_init’:
tiff2pdf.c:1201:9: warning: ‘uint16’ is deprecated [-Wdeprecated-declarations]
 1201 |         uint16 pagen=0;
      |         ^~~~~~
tiff2pdf.c:1202:9: warning: ‘uint16’ is deprecated [-Wdeprecated-declarations]
 1202 |         uint16 paged=0;
      |         ^~~~~~
tiff2pdf.c:1203:9: warning: ‘uint16’ is deprecated [-Wdeprecated-declarations]
 1203 |         uint16 xuint16=0;
      |         ^~~~~~
tiff2pdf.c:1229:17: warning: ‘uint32’ is deprecated [-Wdeprecated-declarations]
 1229 |                 uint32 subfiletype = 0;
      |                 ^~~~~~
tiff2pdf.c: In function ‘t2p_cmp_t2p_page’:
tiff2pdf.c:1394:9: warning: ‘int32’ is deprecated [-Wdeprecated-declarations]
 1394 |         d = (int32)(((T2P_PAGE*)e1)->page_number) - (int32)(((T2P_PAGE*)e2)->page_number);
      |         ^
tiff2pdf.c:1394:9: warning: ‘int32’ is deprecated [-Wdeprecated-declarations]
tiff2pdf.c:1396:17: warning: ‘int32’ is deprecated [-Wdeprecated-declarations]
 1396 |                 d = (int32)(((T2P_PAGE*)e1)->page_directory) - (int32)(((T2P_PAGE*)e2)->page_directory);
      |                 ^
tiff2pdf.c:1396:17: warning: ‘int32’ is deprecated [-Wdeprecated-declarations]
tiff2pdf.c: In function ‘t2p_read_tiff_data’:
tiff2pdf.c:1417:9: warning: ‘uint16’ is deprecated [-Wdeprecated-declarations]
 1417 |         uint16* r;
      |         ^~~~~~
tiff2pdf.c:1418:9: warning: ‘uint16’ is deprecated [-Wdeprecated-declarations]
 1418 |         uint16* g;
      |         ^~~~~~
tiff2pdf.c:1419:9: warning: ‘uint16’ is deprecated [-Wdeprecated-declarations]
 1419 |         uint16* b;
      |         ^~~~~~
tiff2pdf.c:1420:9: warning: ‘uint16’ is deprecated [-Wdeprecated-declarations]
 1420 |         uint16* a;
      |         ^~~~~~
tiff2pdf.c:1421:9: warning: ‘uint16’ is deprecated [-Wdeprecated-declarations]
 1421 |         uint16 xuint16;
      |         ^~~~~~
tiff2pdf.c:1422:9: warning: ‘uint16’ is deprecated [-Wdeprecated-declarations]
 1422 |         uint16* xuint16p;
      |         ^~~~~~
tiff2pdf.c: In function ‘t2p_read_tiff_size’:
tiff2pdf.c:2142:25: warning: ‘uint32’ is deprecated [-Wdeprecated-declarations]
 2142 |                         uint32 count = 0;
      |                         ^~~~~~
tiff2pdf.c: In function ‘t2p_read_tiff_size_tile’:
tiff2pdf.c:2203:9: warning: ‘uint16’ is deprecated [-Wdeprecated-declarations]
 2203 |         uint16 edge=0;
      |         ^~~~~~
tiff2pdf.c:2234:33: warning: ‘uint32’ is deprecated [-Wdeprecated-declarations]
 2234 |                                 uint32 count = 0;
      |                                 ^~~~~~
tiff2pdf.c: In function ‘t2p_readwrite_pdf_image’:
tiff2pdf.c:2324:9: warning: ‘uint16’ is deprecated [-Wdeprecated-declarations]
 2324 |         uint16 h_samp=1;
      |         ^~~~~~
tiff2pdf.c:2325:9: warning: ‘uint16’ is deprecated [-Wdeprecated-declarations]
 2325 |         uint16 v_samp=1;
      |         ^~~~~~
tiff2pdf.c:2326:9: warning: ‘uint16’ is deprecated [-Wdeprecated-declarations]
 2326 |         uint16 ri=1;
      |         ^~~~~~
tiff2pdf.c:2327:9: warning: ‘uint32’ is deprecated [-Wdeprecated-declarations]
 2327 |         uint32 rows=0;
      |         ^~~~~~
tiff2pdf.c:2335:9: warning: ‘uint32’ is deprecated [-Wdeprecated-declarations]
 2335 |         uint32 max_striplength=0;
      |         ^~~~~~
tiff2pdf.c:2525:25: warning: ‘uint32’ is deprecated [-Wdeprecated-declarations]
 2525 |                         uint32 count = 0;
      |                         ^~~~~~
tiff2pdf.c:2760:33: warning: ‘uint32’ is deprecated [-Wdeprecated-declarations]
 2760 |                                 (uint32*)buffer,
      |                                 ^
tiff2pdf.c:2806:25: warning: ‘uint16’ is deprecated [-Wdeprecated-declarations]
 2806 |                         uint16 hor = 0, ver = 0;
      |                         ^~~~~~
tiff2pdf.c:2806:25: warning: ‘uint16’ is deprecated [-Wdeprecated-declarations]
tiff2pdf.c: In function ‘t2p_readwrite_pdf_image_tile’:
tiff2pdf.c:2909:9: warning: ‘uint16’ is deprecated [-Wdeprecated-declarations]
 2909 |         uint16 edge=0;
      |         ^~~~~~
tiff2pdf.c:2916:9: warning: ‘uint16’ is deprecated [-Wdeprecated-declarations]
 2916 |         uint16 i=0;
      |         ^~~~~~
tiff2pdf.c:2924:9: warning: ‘uint32’ is deprecated [-Wdeprecated-declarations]
 2924 |         uint32 xuint32=0;
      |         ^~~~~~
tiff2pdf.c:3032:25: warning: ‘uint32’ is deprecated [-Wdeprecated-declarations]
 3032 |                         uint32 count = 0;
      |                         ^~~~~~
tiff2pdf.c:3279:25: warning: ‘uint16’ is deprecated [-Wdeprecated-declarations]
 3279 |                         uint16 hor = 0, ver = 0;
      |                         ^~~~~~
tiff2pdf.c:3279:25: warning: ‘uint16’ is deprecated [-Wdeprecated-declarations]
tiff2pdf.c: In function ‘t2p_process_ojpeg_tables’:
tiff2pdf.c:3355:9: warning: ‘uint16’ is deprecated [-Wdeprecated-declarations]
 3355 |         uint16 proc=0;
      |         ^~~~~~
tiff2pdf.c:3357:9: warning: ‘uint32’ is deprecated [-Wdeprecated-declarations]
 3357 |         uint32 q_length=0;
      |         ^~~~~~
tiff2pdf.c:3359:9: warning: ‘uint32’ is deprecated [-Wdeprecated-declarations]
 3359 |         uint32 dc_length=0;
      |         ^~~~~~
tiff2pdf.c:3361:9: warning: ‘uint32’ is deprecated [-Wdeprecated-declarations]
 3361 |         uint32 ac_length=0;
      |         ^~~~~~
tiff2pdf.c:3362:9: warning: ‘uint16’ is deprecated [-Wdeprecated-declarations]
 3362 |         uint16* lp;
      |         ^~~~~~
tiff2pdf.c:3363:9: warning: ‘uint16’ is deprecated [-Wdeprecated-declarations]
 3363 |         uint16* pt;
      |         ^~~~~~
tiff2pdf.c:3364:9: warning: ‘uint16’ is deprecated [-Wdeprecated-declarations]
 3364 |         uint16 h_samp=1;
      |         ^~~~~~
tiff2pdf.c:3365:9: warning: ‘uint16’ is deprecated [-Wdeprecated-declarations]
 3365 |         uint16 v_samp=1;
      |         ^~~~~~
tiff2pdf.c:3367:9: warning: ‘uint16’ is deprecated [-Wdeprecated-declarations]
 3367 |         uint16 table_count;
      |         ^~~~~~
tiff2pdf.c:3368:9: warning: ‘uint32’ is deprecated [-Wdeprecated-declarations]
 3368 |         uint32 offset_table;
      |         ^~~~~~
tiff2pdf.c:3369:9: warning: ‘uint32’ is deprecated [-Wdeprecated-declarations]
 3369 |         uint32 offset_ms_l;
      |         ^~~~~~
tiff2pdf.c:3370:9: warning: ‘uint32’ is deprecated [-Wdeprecated-declarations]
 3370 |         uint32 code_count;
      |         ^~~~~~
tiff2pdf.c:3371:9: warning: ‘uint32’ is deprecated [-Wdeprecated-declarations]
 3371 |         uint32 i=0;
      |         ^~~~~~
tiff2pdf.c:3372:9: warning: ‘uint32’ is deprecated [-Wdeprecated-declarations]
 3372 |         uint32 dest=0;
      |         ^~~~~~
tiff2pdf.c:3373:9: warning: ‘uint16’ is deprecated [-Wdeprecated-declarations]
 3373 |         uint16 ri=0;
      |         ^~~~~~
tiff2pdf.c:3374:9: warning: ‘uint32’ is deprecated [-Wdeprecated-declarations]
 3374 |         uint32 rows=0;
      |         ^~~~~~
tiff2pdf.c: At top level:
tiff2pdf.c:3607:9: warning: ‘uint32’ is deprecated [-Wdeprecated-declarations]
 3607 |         uint32 height){
      |         ^~~~~~
tiff2pdf.c: In function ‘t2p_process_jpeg_strip’:
tiff2pdf.c:3613:17: warning: ‘uint16’ is deprecated [-Wdeprecated-declarations]
 3613 |                 uint16 ri;
      |                 ^~~~~~
tiff2pdf.c:3614:17: warning: ‘uint16’ is deprecated [-Wdeprecated-declarations]
 3614 |                 uint16 v_samp;
      |                 ^~~~~~
tiff2pdf.c:3615:17: warning: ‘uint16’ is deprecated [-Wdeprecated-declarations]
 3615 |                 uint16 h_samp;
      |                 ^~~~~~
tiff2pdf.c:3665:49: warning: ‘uint16’ is deprecated [-Wdeprecated-declarations]
 3665 |                                                 uint16 samp = buffer[*bufferoffset+11+(3*j)];
      |                                                 ^~~~~~
tiff2pdf.c:3673:41: warning: ‘uint16’ is deprecated [-Wdeprecated-declarations]
 3673 |                                         ri=((( ((uint16)(buffer[*bufferoffset+5])<<8) |
      |                                         ^~
tiff2pdf.c:3674:41: warning: ‘uint16’ is deprecated [-Wdeprecated-declarations]
 3674 |                                         (uint16)(buffer[*bufferoffset+6]) )+v_samp-1)/
      |                                         ^
tiff2pdf.c:3676:41: warning: ‘uint16’ is deprecated [-Wdeprecated-declarations]
 3676 |                                         ri*=((( ((uint16)(buffer[*bufferoffset+7])<<8) |
      |                                         ^~
tiff2pdf.c:3677:41: warning: ‘uint16’ is deprecated [-Wdeprecated-declarations]
 3677 |                                         (uint16)(buffer[*bufferoffset+8]) )+h_samp-1)/
      |                                         ^
tiff2pdf.c: At top level:
tiff2pdf.c:3740:9: warning: ‘uint32’ is deprecated [-Wdeprecated-declarations]
 3740 |         uint32 tilewidth,
      |         ^~~~~~
tiff2pdf.c:3741:9: warning: ‘uint32’ is deprecated [-Wdeprecated-declarations]
 3741 |         uint32 edgetilewidth,
      |         ^~~~~~
tiff2pdf.c:3742:9: warning: ‘uint32’ is deprecated [-Wdeprecated-declarations]
 3742 |         uint32 tilelength){
      |         ^~~~~~
tiff2pdf.c: In function ‘t2p_tile_collapse_left’:
tiff2pdf.c:3744:9: warning: ‘uint32’ is deprecated [-Wdeprecated-declarations]
 3744 |         uint32 i;
      |         ^~~~~~
tiff2pdf.c: In function ‘t2p_sample_realize_palette’:
tiff2pdf.c:3806:9: warning: ‘uint32’ is deprecated [-Wdeprecated-declarations]
 3806 |         uint32 sample_count=0;
      |         ^~~~~~
tiff2pdf.c:3807:9: warning: ‘uint16’ is deprecated [-Wdeprecated-declarations]
 3807 |         uint16 component_count=0;
      |         ^~~~~~
tiff2pdf.c:3808:9: warning: ‘uint32’ is deprecated [-Wdeprecated-declarations]
 3808 |         uint32 palette_offset=0;
      |         ^~~~~~
tiff2pdf.c:3809:9: warning: ‘uint32’ is deprecated [-Wdeprecated-declarations]
 3809 |         uint32 sample_offset=0;
      |         ^~~~~~
tiff2pdf.c:3810:9: warning: ‘uint32’ is deprecated [-Wdeprecated-declarations]
 3810 |         uint32 i=0;
      |         ^~~~~~
tiff2pdf.c:3811:9: warning: ‘uint32’ is deprecated [-Wdeprecated-declarations]
 3811 |         uint32 j=0;
      |         ^~~~~~
tiff2pdf.c: At top level:
tiff2pdf.c:3842:1: warning: ‘uint32’ is deprecated [-Wdeprecated-declarations]
 3842 | tsize_t t2p_sample_abgr_to_rgb(tdata_t data, uint32 samplecount)
      | ^~~~~~~
tiff2pdf.c: In function ‘t2p_sample_abgr_to_rgb’:
tiff2pdf.c:3844:9: warning: ‘uint32’ is deprecated [-Wdeprecated-declarations]
 3844 |         uint32 i=0;
      |         ^~~~~~
tiff2pdf.c:3845:9: warning: ‘uint32’ is deprecated [-Wdeprecated-declarations]
 3845 |         uint32 sample=0;
      |         ^~~~~~
tiff2pdf.c:3848:17: warning: ‘uint32’ is deprecated [-Wdeprecated-declarations]
 3848 |                 sample=((uint32*)data)[i];
      |                 ^~~~~~
tiff2pdf.c: At top level:
tiff2pdf.c:3864:1: warning: ‘uint32’ is deprecated [-Wdeprecated-declarations]
 3864 | t2p_sample_rgbaa_to_rgb(tdata_t data, uint32 samplecount)
      | ^~~~~~~~~~~~~~~~~~~~~~~
tiff2pdf.c: In function ‘t2p_sample_rgbaa_to_rgb’:
tiff2pdf.c:3866:9: warning: ‘uint32’ is deprecated [-Wdeprecated-declarations]
 3866 |         uint32 i;
      |         ^~~~~~
tiff2pdf.c:3872:17: warning: ‘uint8’ is deprecated [-Wdeprecated-declarations]
 3872 |                 memmove((uint8*)data + i * 3, (uint8*)data + i * 4, 3);
      |                 ^~~~~~~
tiff2pdf.c:3872:17: warning: ‘uint8’ is deprecated [-Wdeprecated-declarations]
tiff2pdf.c:3874:17: warning: ‘uint8’ is deprecated [-Wdeprecated-declarations]
 3874 |                 memcpy((uint8*)data + i * 3, (uint8*)data + i * 4, 3);
      |                 ^~~~~~
tiff2pdf.c:3874:17: warning: ‘uint8’ is deprecated [-Wdeprecated-declarations]
tiff2pdf.c: At top level:
tiff2pdf.c:3886:1: warning: ‘uint32’ is deprecated [-Wdeprecated-declarations]
 3886 | t2p_sample_rgba_to_rgb(tdata_t data, uint32 samplecount)
      | ^~~~~~~~~~~~~~~~~~~~~~
tiff2pdf.c: In function ‘t2p_sample_rgba_to_rgb’:
tiff2pdf.c:3888:9: warning: ‘uint32’ is deprecated [-Wdeprecated-declarations]
 3888 |         uint32 i = 0;
      |         ^~~~~~
tiff2pdf.c:3889:9: warning: ‘uint32’ is deprecated [-Wdeprecated-declarations]
 3889 |         uint32 sample = 0;
      |         ^~~~~~
tiff2pdf.c:3890:9: warning: ‘uint8’ is deprecated [-Wdeprecated-declarations]
 3890 |         uint8 alpha = 0;
      |         ^~~~~
tiff2pdf.c:3893:17: warning: ‘uint32’ is deprecated [-Wdeprecated-declarations]
 3893 |                 sample=((uint32*)data)[i];
      |                 ^~~~~~
tiff2pdf.c:3894:17: warning: ‘uint8’ is deprecated [-Wdeprecated-declarations]
 3894 |                 alpha=(uint8)((255 - ((sample >> 24) & 0xff)));
      |                 ^~~~~
tiff2pdf.c:3895:17: warning: ‘uint8’ is deprecated [-Wdeprecated-declarations]
 3895 |                 ((uint8 *)data)[i * 3] = (uint8) ((sample >> 16) & 0xff) + alpha;
      |                 ^
tiff2pdf.c:3895:17: warning: ‘uint8’ is deprecated [-Wdeprecated-declarations]
tiff2pdf.c:3896:17: warning: ‘uint8’ is deprecated [-Wdeprecated-declarations]
 3896 |                 ((uint8 *)data)[i * 3 + 1] = (uint8) ((sample >> 8) & 0xff) + alpha;
      |                 ^
tiff2pdf.c:3896:17: warning: ‘uint8’ is deprecated [-Wdeprecated-declarations]
tiff2pdf.c:3897:17: warning: ‘uint8’ is deprecated [-Wdeprecated-declarations]
 3897 |                 ((uint8 *)data)[i * 3 + 2] = (uint8) (sample & 0xff) + alpha;
      |                 ^
tiff2pdf.c:3897:17: warning: ‘uint8’ is deprecated [-Wdeprecated-declarations]
tiff2pdf.c: At top level:
tiff2pdf.c:3909:1: warning: ‘uint32’ is deprecated [-Wdeprecated-declarations]
 3909 | tsize_t t2p_sample_lab_signed_to_unsigned(tdata_t buffer, uint32 samplecount){
      | ^~~~~~~
tiff2pdf.c: In function ‘t2p_sample_lab_signed_to_unsigned’:
tiff2pdf.c:3911:9: warning: ‘uint32’ is deprecated [-Wdeprecated-declarations]
 3911 |         uint32 i=0;
      |         ^~~~~~
tiff2pdf.c: At top level:
tiff2pdf.c:3957:1: warning: ‘uint32’ is deprecated [-Wdeprecated-declarations]
 3957 | tsize_t t2p_write_pdf_obj_start(uint32 number, TIFF* output){
      | ^~~~~~~
tiff2pdf.c: In function ‘t2p_write_pdf_string’:
tiff2pdf.c:3993:9: warning: ‘uint32’ is deprecated [-Wdeprecated-declarations]
 3993 |         uint32 i = 0;
      |         ^~~~~~
tiff2pdf.c: At top level:
tiff2pdf.c:4087:1: warning: ‘uint32’ is deprecated [-Wdeprecated-declarations]
 4087 | tsize_t t2p_write_pdf_stream_dict(tsize_t len, uint32 number, TIFF* output){
      | ^~~~~~~
tiff2pdf.c:4381:1: warning: ‘uint32’ is deprecated [-Wdeprecated-declarations]
 4381 | tsize_t t2p_write_pdf_page(uint32 object, T2P* t2p, TIFF* output){
      | ^~~~~~~
tiff2pdf.c: In function ‘t2p_compose_pdf_page’:
tiff2pdf.c:4485:9: warning: ‘uint32’ is deprecated [-Wdeprecated-declarations]
 4485 |         uint32 i=0;
      |         ^~~~~~
tiff2pdf.c:4486:9: warning: ‘uint32’ is deprecated [-Wdeprecated-declarations]
 4486 |         uint32 i2=0;
      |         ^~~~~~
tiff2pdf.c:4489:9: warning: ‘uint32’ is deprecated [-Wdeprecated-declarations]
 4489 |         uint32 tilecountx=0;
      |         ^~~~~~
tiff2pdf.c:4490:9: warning: ‘uint32’ is deprecated [-Wdeprecated-declarations]
 4490 |         uint32 tilecounty=0;
      |         ^~~~~~
tiff2pdf.c:4491:9: warning: ‘uint32’ is deprecated [-Wdeprecated-declarations]
 4491 |         uint32 tilewidth=0;
      |         ^~~~~~
tiff2pdf.c:4492:9: warning: ‘uint32’ is deprecated [-Wdeprecated-declarations]
 4492 |         uint32 tilelength=0;
      |         ^~~~~~
tiff2pdf.c: At top level:
tiff2pdf.c:4692:1: warning: ‘uint16’ is deprecated [-Wdeprecated-declarations]
 4692 | void t2p_compose_pdf_page_orient(T2P_BOX* boxp, uint16 orientation){
      | ^~~~
tiff2pdf.c:4768:1: warning: ‘uint16’ is deprecated [-Wdeprecated-declarations]
 4768 | void t2p_compose_pdf_page_orient_flip(T2P_BOX* boxp, uint16 orientation){
      | ^~~~
tiff2pdf.c:5073:1: warning: ‘uint16’ is deprecated [-Wdeprecated-declarations]
 5073 | tsize_t t2p_write_pdf_transfer_dict(T2P* t2p, TIFF* output, uint16 i){
      | ^~~~~~~
tiff2pdf.c:5093:1: warning: ‘uint16’ is deprecated [-Wdeprecated-declarations]
 5093 | tsize_t t2p_write_pdf_transfer_stream(T2P* t2p, TIFF* output, uint16 i){
      | ^~~~~~~
tiff2pdf.c: In function ‘t2p_write_pdf_xreftable’:
tiff2pdf.c:5414:9: warning: ‘uint32’ is deprecated [-Wdeprecated-declarations]
 5414 |         uint32 i=0;
      |         ^~~~~~
tiff2pdf.c: In function ‘t2p_write_pdf’:
tiff2pdf.c:5519:9: warning: ‘uint16’ is deprecated [-Wdeprecated-declarations]
 5519 |         uint16 i=0;
      |         ^~~~~~
tiff2pdf.c:5523:9: warning: ‘uint32’ is deprecated [-Wdeprecated-declarations]
 5523 |         t2p->pdf_xrefoffsets= (uint32*) _TIFFmalloc(TIFFSafeMultiply(tmsize_t,t2p->pdf_xrefcount,sizeof(uint32)) );
      |         ^~~
tiff2pdf.c:5523:9: warning: ‘uint32’ is deprecated [-Wdeprecated-declarations]
tiff2pdf.c:5523:9: warning: ‘uint32’ is deprecated [-Wdeprecated-declarations]
tiff2pdf.c:5523:9: warning: ‘uint32’ is deprecated [-Wdeprecated-declarations]
tiff2pdf.c:5523:9: warning: ‘uint32’ is deprecated [-Wdeprecated-declarations]
tiff2pdf.c:5528:25: warning: ‘uint32’ is deprecated [-Wdeprecated-declarations]
 5528 |                         (unsigned int) (t2p->pdf_xrefcount * sizeof(uint32)) );
      |                         ^
  CXXLD    ddjvu
make[2]: Leaving directory '/home/jsbien/git/djvu2mask/tools'
Making all in share
make[2]: Entering directory '/home/jsbien/git/djvu2mask/share'
make[2]: *** No rule to make target 'djvu/pubtext/DjVuMessages.dtd', needed by 'all-am'.  Stop.
make[2]: Leaving directory '/home/jsbien/git/djvu2mask/share'
make[1]: *** [Makefile:431: all-recursive] Error 1
make[1]: Leaving directory '/home/jsbien/git/djvu2mask'
make: *** [Makefile:363: all] Error 2
jsbien@JSBbookworm:~/git/djvu2mask$ make
make  all-recursive
make[1]: Entering directory '/home/jsbien/git/djvu2mask'
Making all in libdjvu
make[2]: Entering directory '/home/jsbien/git/djvu2mask/libdjvu'
make[2]: Nothing to be done for 'all'.
make[2]: Leaving directory '/home/jsbien/git/djvu2mask/libdjvu'
Making all in tools
make[2]: Entering directory '/home/jsbien/git/djvu2mask/tools'
make[2]: Nothing to be done for 'all'.
make[2]: Leaving directory '/home/jsbien/git/djvu2mask/tools'
Making all in share
make[2]: Entering directory '/home/jsbien/git/djvu2mask/share'
make[2]: Nothing to be done for 'all'.
make[2]: Leaving directory '/home/jsbien/git/djvu2mask/share'
make[2]: Entering directory '/home/jsbien/git/djvu2mask'
make[2]: Leaving directory '/home/jsbien/git/djvu2mask'
make[1]: Leaving directory '/home/jsbien/git/djvu2mask'
jsbien@JSBbookworm:~/git/djvu2mask$ tools/ddjvu --help
DDJVU --- DjVuLibre-3.5.28
DjVu decompression utility

Usage: ddjvu [options] [<djvufile> [<outputfile>]]

Options:
  -verbose          Print various informational messages.
  -format=FMT       Select output format: pbm,pgm,ppm,pnm,rle,tiff.
  -scale=N          Select display scale.
  -size=WxH         Select size of rendered image.
  -subsample=N      Select direct subsampling factor.
  -aspect=no        Authorize aspect ratio changes
  -segment=WxH+X+Y  Select which segment of the rendered image
  -mode=black       Render a meaningful bitonal image.
  -mode=mask        Only render the mask layer.
  -mode=foreground  Only render the foreground layer.
  -mode=background  Only render the background layer.
  -page=PAGESPEC    Select page(s) to be decoded.
  -skip             Skip corrupted pages instead of aborting.
  -eachpage         Produce one file per page (using %d in outputfile).
  -quality=QUALITY  Specify jpeg quality for lossy tiff output.

If <outputfile> is a single dash or omitted, the decompressed image
is sent to the standard output.  If <djvufile> is a single dash or
omitted, the djvu file is read from the standard input.

jsbien@JSBbookworm:~/git/djvu2mask$ git add *
jsbien@JSBbookworm:~/git/djvu2mask$ git commit -m "compiled!"
[main 7c5a3c8] compiled!
 19 files changed, 6369 insertions(+), 520 deletions(-)
 create mode 100644 share/djvu/osi/cs/messages.xml
 create mode 100644 share/djvu/osi/de/libdjvu++.xml
 create mode 100644 share/djvu/osi/de/messages.xml
 create mode 100644 share/djvu/osi/en/djvutools-reference.xml
 create mode 100644 share/djvu/osi/en/libdjvu++.xml
 create mode 100644 share/djvu/osi/en/messages.xml
 create mode 100644 share/djvu/osi/fr/libdjvu++.xml
 create mode 100644 share/djvu/osi/fr/messages.xml
 create mode 100644 share/djvu/osi/ja/libdjvu++.xml
 create mode 100644 share/djvu/osi/ja/messages.xml
 create mode 100644 share/djvu/osi/languages.xml
 create mode 100644 share/djvu/osi/zh/libdjvu++.xml
 create mode 100644 share/djvu/osi/zh/messages.xml
 create mode 100644 share/djvu/pubtext/DjVuMessages.dtd
 create mode 100644 share/djvu/pubtext/DjVuOCR.dtd
 create mode 100644 share/djvu/pubtext/DjVuXML-s.dtd
jsbien@JSBbookworm:~/git/djvu2mask$ git push
Enumerating objects: 42, done.
Counting objects: 100% (42/42), done.
Delta compression using up to 12 threads
Compressing objects: 100% (33/33), done.
Writing objects: 100% (34/34), 62.83 KiB | 6.98 MiB/s, done.
Total 34 (delta 14), reused 0 (delta 0), pack-reused 0
remote: Resolving deltas: 100% (14/14), completed with 8 local objects.        
To https://github.com/jsbien/djvu2mask.git
   665f693..7c5a3c8  main -> main
jsbien@JSBbookworm:~/git/djvu2mask$ 